
Distinguished Professor
University Professor
Distinguished Professor Emeritus
University Professor Emeritus
Professor
Full Professor
Research Professor
Visiting Professor
Adjunct Professor
Professor Emeritus
Associate Professor
Research Associate Professor
Visiting Associate Professor
Adjunct Associate Professor
Assistant Professor
Research Assistant Professor
Adjunct Assistant Professor
Lecturer
Instructor
Senior Fellow
Senior Research Fellow
Senior Scientist
Fellow
Research Fellow
Scientist
Research supervisor
Principal Investigator
Research Associate
Postdoctoral Associate
Research Assistant
Teaching Assistant
Dean
Chancellor
President
Provost
Vice Presidents
Associate Dean
Directors of Administrative Departments
Associate/Assistant Directors of Administrative Departments
Graduate Coordinators
Undergraduate Coordinators
Heads of Department
Department Director
Chief Financial officer
Chief Communication Officer
Secretary General
Chief of Staff
Director of Administration
Executive Assistant
Correspondence
Coordinator
Project Coordinator
Administrative Assistant
University Librarian
Executive Director
Ombudsperson
Undergraduate Program Director
