Harvard University
Massachusetts Institute of Technology
MIT
Stanford University
University of Michigan
University of California Berkeley
Cornell University
Michigan State University
University of Wisconsin Madison
University of Pittsburgh
Carnegie Mellon University
University of Washington
University of Minnesota
Pennsylvania State University 
Purdue University
University of Pennsylvania
University of California Los Angeles UCLA
University of Toronto
UofT
U of T
Columbia University New York
University of Texas Austin
Universidade de São Paulo USP 
University of Florida
University of North Carolina Chapel Hill
University of Illinois Urbana Champaign 
Swiss Federal Institute of Technology / Eidgenössische Technische Hochschule ETH Zürich
University of Cambridge
Yale University
University of British Columbia
UBC
Texas A&M University
University of Arizona
University of Maryland 
University of Georgia
University of Southern California
Georgia Institute of Technology
New York University
Virginia Polytechnic Institute and State University
University of Oxford
California Institute of Technology
Caltech 
Universidad Nacional Autónoma de México 
University of California San Diego
Rutgers University
Universitat Politècnica de Catalunya BarcelonaTech 
National Taiwan University
University College London
Oregon State University
Princeton University
University of Tokyo
University of Virginia
Ohio State University
University of California Davis
University of Iowa
North Carolina State University
Johns Hopkins University 
Arizona State University
University of Colorado Boulder
University of California Santa Barbara
Utrecht University / Universiteit Utrecht
University of Alberta
Universität Freiburg
Ghent University / Universiteit Gent
University of Chicago
Università di Bologna
Duke University
National Cheng Kung University
University of Utah
Iowa State University
Vanderbilt University
Universität Wien
Washington University Saint Louis
University of California Irvine
Boston University
Universidade Federal do Rio Grande do Sul UFRGS
National Chiao Tung University
University of Nebraska Lincoln
University of Queensland
University of Edinburgh
University of Melbourne
Kyoto University
University of Sydney 
Universidade do Porto
University of Ljubljana / Univerza v Ljubljani
University of Southampton
George Mason University
Universidad Complutense de Madrid 
National University of Singapore
Norwegian University of Science & Technology / Norges Teknisk-Naturvitenskapelige Universitet 
University of California Santa Cruz
Tsinghua University China
University of New Mexico
Università di Pisa
Catholic University of Leuven 
Humboldt Universität zu Berlin
Peking University
University at Buffalo
Brown University
University of Oregon
University of Groningen / Rijksuniversiteit Groningen
Masaryk University in Brno / Masarykova Univerzita v Brne
McGill University
Ludwig Maximilians Universität München 
University of Calgary
Florida State University
University of Helsinki / Helsingin yliopisto 
Technische Universität Wien
University of Kentucky
Brigham Young University
Hong Kong Polytechnic University
University of South Florida
University of Oklahoma
University of Amsterdam / Universiteit van Amsterdam
Simon Fraser University
SFU
Louisiana State University
Australian National University
National Tsing Hua University Taiwan
Northwestern University
Ruprecht Karls Universität Heidelberg
Freie Universität Berlin
University of Waterloo
University of Twente / Universiteit Twente 
University of Connecticut
University of Miami
Università degli Studi di Padova
Universidade Estadual Paulista Júlio de Mesquita Filho
Université d'Ottawa / University of Ottawa
University of Massachusetts Amherst
National Central University
Charles University in Prague / Univerzita Karlova v Praze
University of Hong Kong
Università degli Studi di Roma La Sapienza
Universidade Federal de Santa Catarina UFSC
University of Oslo / Universitetet i Oslo
Delft University of Technology TU Delft
Technische Universität München 
Tel Aviv University
University of Maryland Baltimore County
Montana State University
Seoul National University
University of Tennessee Knoxville
Rheinisch Westfalische Technische Hochschule Aachen
Shanghai Jiao Tong University
Kasetsart University
Colorado State University
University of Glasgow
Technische Universität Dresden
Rheinische Friedrich Wilhelms Universität Bonn
Royal Institute of Technology / Kungliga Tekniska Högskolan
University of Rochester
Lomonosov Moscow State University
Monash University
Washington State University Pullman
University of Kansas
Universität Hamburg
Dartmouth College
Universidad de Chile
University of Missouri Columbia
University of Warwick
University of Gothenburg / Göteborgs Universitet
Stony Brook University 
Aristotle University of Thessaloniki
Hebrew University of Jerusalem
Chinese University of Hong Kong
University of Saskatchewan
Universidad Politécnica de Madrid
Johann Wolfgang Goethe Universität Frankfurt am Main
University of Manchester 
University of New South Wales
Georg-August-Universität Göttingen
Université Laval
Emory University
Universidad de Salamanca
University of Illinois Chicago
Universidade Federal do Rio de Janeiro
McMaster University
University of California San Francisco
Chulalongkorn University
Université de Montréal
University of Notre Dame
Uppsala University / Uppsala Universitet
Universidade Técnica de Lisboa
Zhejiang University (National Che Kiang University)
University of Delaware
Technical University of Denmark / Danmarks Tekniske Universitet
National Chung Hsing University
Lund University / Lunds Universitet
Queen's University Kingston
Universidade de Brasília UNB
University of Copenhagen / Københavns Universitet
Leiden University / Universiteit Leiden 
Tufts University
Eindhoven University of Technology / Technische Universiteit Eindhoven
National Sun Yat-Sen University
Universidad del País Vasco
Università degli Studi di Firenze
Universidade Estadual de Campinas UNICAMP
Universität zu Köln
Università degli Studi di Milano
Friedrich Alexander Universität Erlangen Nürnberg 
Université de Geneve
Universität Leipzig
Università degli Studi di Napoli Federico II
University of South Carolina
York University
Mahidol University
Technische Universität Graz
Rensselaer Polytechnic Institute
Technische Universität Berlin
Universidade Federal do Paraná
Université Libre de Bruxelles
University of Bergen / Universitetet i Bergen
Mississippi State University
Universidad de Sevilla
University of Nottingham 
University of North Texas
Czech Technical University in Prague / Ceské Vysoké Ucení Technické v Praze
King Saud University
Korea Advanced Institute of Science & Technology KAIST 
Rice University
University of Victoria British Columbia
Linköping University / Linköpings Universitet
École Polytechnique Fédérale de Lausanne
University of Central Florida
Universitat Autònoma de Barcelona 
Auburn University
Aarhus University / Aarhus Universitet
Rochester Institute of Technology
Universidad de Granada
University of Arkansas Fayetteville 
Universität Bern
Prince of Songkla University
University of Birmingham 
Macquarie University
Shandong University
Universität Stuttgart
Khon Kaen University
Universität Münster
University of Leeds
Chiang Mai University
University of North Carolina Charlotte
University of Auckland
Indiana University/Purdue University Indianapolis
Newcastle University Newcastle upon Tyne
University of Adelaide
Technische Universität Darmstadt
Politecnico di Milano
University of Manitoba
Florida International University
Syracuse University
University of Houston
Trinity College Dublin
University of Sheffield 
Universitas Gadjah Mada
Osaka University
Universitat de Barcelona 
Universidade Federal de Minas Gerais UFMG
Université du Québec Montréal
Universidad de Zaragoza
Universität Tubingen
Texas Tech University
Utah State University
University of Western Ontario
Universidade de Coimbra
Universidad Politécnica de Valencia
Georgia State University
Imperial College London 
Universidade do Minho
University of Vermont
Durham University
Universität Zürich 
Universitat de València 
West Virginia University
Aalborg University / Aalborg Universitet
Ball State University
Ruhr Universität Bochum
Georgetown University
Weizmann Institute of Science
Universität Hannover
Universidad de Murcia
Institute of Technology Bandung
Budapest University of Technology and Economics / Budapesti Muszaki és Gazdaságtudományi Egyetem BME
RMIT University
National Chengchi University
Jyväskylä University / Jyväskylän yliopisto
Southern Illinois University
Keio University
New Mexico State University
Hokkaido University
Chalmers University of Technology
Nagoya University
Stockholm University / Stockholms Universitet
Università degli Studi di Pavia 
Tohoku University
Universitat d'Alacant
California State University Northridge
Jagiellonian University / Uniwersytet Jagiellonski
Northeastern University 
Drexel University
National Taiwan Normal University
Johannes Gutenberg Universität Mainz
University of Alabama
University of California Riverside
Karolinska Institute / Karolinska Institutet
Massey University
AGH University of Science & Technology / Akademia Górniczo-Hutnicza im. Stanislawa Staszica w Krakowie
Universität Innsbruck
Kobe University
Wayne State University
Jilin University
Korea University 
Lancaster University
Tamkang University
Heinrich Heine Universität Düsseldorf 
George Washington University
Virginia Commonwealth University
Universität Bremen
Clemson University
Kyushu University
Case Western Reserve University
Friedrich Schiller Universität Jena
Queensland University of Technology
Portland State University
Universität Basel
VU University of Amsterdam / Vrije Universiteit Amsterdam
Umea University / Umeå Universitet
Universidad Carlos III de Madrid
University of Aberdeen
University of Tsukuba
Universidad de Buenos Aires
University of Patras
Universitat Pompeu Fabra 
Universität des Saarlandes
Open University UK
Bristol University 
London School of Economics and Political Science
Universidad de Málaga
Université Catholique de Louvain 
University of York
University of Turku / Turun yliopisto
City University of Hong Kong
California Polytechnic State University Cal Poly
University of Guelph
Université de Rennes 1
Justus Liebig Universität Giessen
Middle East Technical University 
National Taiwan University of Science & Technology
Xiamen University
Erasmus University of Rotterdam / Erasmus Universiteit Rotterdam
Universität Ulm
Warsaw University / Uniwersytet Warszawski
Fudan University (Shanghai Medical University) 
University of Strathclyde
Université de Liège
National and Kapodistrian University of Athens
Tampere University of Technology / Tampereen teknillinen yliopisto
Universität Würzburg
Warsaw University of Technology / Politechnika Warszawska
King's College London
Beihang University (Beijing University of Aeronautics and Astronautics)
Universidad Nacional de Colombia
Technische Universität Braunschweig 
Universidade Federal da Bahia
Universität Bielefeld
Universidade de Lisboa
Dalhousie University
Universidade de Vigo
Christian Albrechts Universität zu Kiel
Tokyo Institute of Technology
University of Indonesia
Hong Kong University of Science & Technology
National Yunlin University of Science & Technology
National Technical University of Athens
University of Liverpool
Università degli Studi di Roma Tor Vergata
Kansas State University 
Otto Von Guericke Universität Magdeburg
Università degli Studi di Torino
University of Western Australia
Yonsei University 
Appalachian State University
San José State University
San Diego State University
Eötvös Loránd University Budapest / Eötvös Loránd Tudományegyetem ELTE
Adam Mickiewicz University Poznan / Uniwersytetu Adama Mickiewicza w Poznaniu
Western Michigan University
University of Alabama Birmingham
Boise State University
Radboud University / Radboud Universiteit Nijmegen
Free University of Brussels / Vrije Universiteit Brussel VUB
University of Cape Town
Boston College
Universität Regensburg
Université Claude Bernard Lyon 1
Universidade Federal Fluminense
Wake Forest University
Universität Paderborn
Nanyang Technological University
San Francisco State University
Philipps Universität Marburg
University of Idaho
University of Cincinnati
University of Rhode Island
Sun Yat Sen University (Zhongshan University)
University of Wollongong
University of Bath
University of Newcastle
Universidad de Costa Rica
Technion Israel Institute of Technology
Universidade de Santiago de Compostela
Technische Universität Chemnitz
University College Dublin National University of Ireland
College of William & Mary
Universität Konstanz
Carleton University
Universität Trier 
University of Technology Sydney
Deakin University
University of Antwerp / Universiteit Antwerpen
Concordia University Montréal
Concordia University
University of Debrecen / Debreceni Egyetem DE
Nanjing University
Universidad de Valladolid
University of Leicester
Temple University
École Normale Supérieure Paris
Saint Louis University
Universidad Nacional de la Plata
Bowling Green State University
Kent State University
Università degli Studi di Siena
Universiti Putra Malaysia
Martin Luther Universität Halle Wittenberg
Universidad de Castilla la Mancha
University of Wyoming
Dublin City University
University of Tromso / Universitetet i Tromsø
Istanbul Technical University
Illinois Institute of Technology
University of Texas Arlington
Universiti Teknologi Malaysia
Loughborough University 
Wuhan University
Universidad de Navarra
Università degli Studi di Palermo
Memorial University of Newfoundland
Université de Lausanne
University of Mississippi
Northern Illinois University
University of Zagreb
Xi'An Jiaotong University
University of New Hampshire
University of Nevada Reno
University of Canterbury
University College Cork National University of Ireland
Maastricht University 
University of Surrey
Indian Institute of Technology Madras
Stellenbosch University
Universitat de Girona 
University of Tampere / Tampereen yliopisto
King Fahd University of Petroleum & Minerals
University of North Carolina at Greensboro
Hong Kong Baptist University
University of Wisconsin Milwaukee
Universität Mannheim
Queen Mary University of London 
Universiti Sains Malaysia
La Trobe University
Tomsk State University
University of Texas Dallas
Slovak University of Technology in Bratislava / Slovenská technická univerzita v Bratislave
Universidad Autónoma de Madrid
Università degli Studi di Trento
Gazi University
Karlsruhe Institute of Technology (Universität Karlsruhe)
Universität Karlsruhe
Karlsruhe University
KIT
University of the Witwatersrand
Université de Nice Sophia Antipolis
University of Tasmania
Beijing Normal University
Johannes Kepler Universität Linz 
National Taiwan Ocean University
Queen's University Belfast
Binghamton University
University of Iceland / Háskóli Íslands
Okayama University
Michigan Technological University
Università degli Studi di Bari Aldo Moro
Pohang University of Science & Technology
University of Southern Denmark / Syddansk Universitet
Université Rene Descartes Paris 5
Universidade Nova de Lisboa
Ankara University
Comenius University in Bratislava / Univerzita Komenského v Bratislave
Technische Universität Dortmund 
Northern Arizona University
Universidad de Guadalajara
New Jersey Institute of Technology
Università degli Studi di Catania
Baylor University
University of New Orleans
Tunghai University
Universidade Estadual de Maringá
University of Louisville
University of Tartu / Tartu Ülikool
Middle Tennessee State University
Universidade de Aveiro
Universidade Federal de Pernambuco
Technische Universität Ilmenau
University of Southern Mississippi
Universidade Federal de Uberlândia
Universidad de Alcalá
Universität Potsdam
University of Montana Missoula
Cardiff University 
Western Kentucky University
Università degli Studi di Genova
Ben Gurion University of the Negev
Miami University of Ohio
University of Crete
University of Nevada las Vegas
Universität Kassel
Universitat Jaume I
University of East Anglia
Universität Duisburg Essen 
University of Texas San Antonio
Universiti Kebangsaan Malaysia / National University of Malaysia
American University Washington DC
University of Windsor
Hiroshima University
Universidade Federal de Viçosa UFV
University of Saint Andrews
University of Tehran
James Cook University
California State University Sacramento
Universidad Nacional de Educación a Distancia UNED
University of Haifa
University of Dundee
Università Cattolica del Sacro Cuore 
Heriot-Watt University
Karl Franzens Universität Graz 
Alexandru Ioan Cuza University
Saint Petersburg State University 
Universidad de Córdoba
Long Island University
Palacký University / Univerzita Palackého v Olomouci
East China Normal University
University of Alaska Fairbanks
Politecnico di Torino
Universidad de Oviedo 
Università degli Studi di Milano Bicocca
University of Szeged / Szegedi Tudományegyetem SZTE
Lehigh University
Swedish University of Agricultural Sciences / Sveriges Lantbruksuniversitet
Huazhong University of Science & Technology
Ege University
Universidade da Coruña
Northeastern University China
Chung Yuan Christian University
Tulane University
Worcester Polytechnic Institute
University of Sussex 
Universität Rostock
University at Albany
Università della Calabria
Chaoyang University of Technology
Université Paris XI Sud
East Carolina University
University of Maine
Technische Universität Kaiserslautern
Kaohsiung Medical University
Fu Jen Catholic University
Universidad Nacional de Cordoba
Université Bordeaux 1
Università degli Studi Roma Tre
Tecnológico de Monterrey 
University of Electronic Science & Technology of China
Université Toulouse 3 Paul Sabatier 
University of Silesia in Katowice / Uniwersytet Slaski w Katowicach
King Mongkut´s University of Technology Thonburi
Indian Institute of Technology Bombay
Georgia Southern University
Université de Fribourg / Universität Freiburg
Universidad de Puerto Rico Río Piedras
Lanzhou University
Université Paris 1 Panthéon Sorbonne
Brno University of Technology / Vysoké Ucení Technické v Brne
University of Kent
University of Maryland Baltimore
Shanghai University
Universidad de Santiago de Chile
Tilburg University 
Pontificia Universidade Católica do Rio de Janeiro PUC-RIO
University of Oulu / Oulun yliopisto 
Old Dominion University
Ryerson University
National Chung Cheng University
Université des Sciences et Technologies Lille 1
Kyungpook (Kyungbook) National University 
University of Malaya
Universität Bayreuth
Southern Methodist University
Silesian University of Technology in Gliwice / Politechnika Slaska
Université de Sherbrooke
Université Joseph Fourier Grenoble 1
Bar Ilan University
University of Texas El Paso
Novosibirsk State University
Vilnius Gediminas Technical University / Vilniaus Gedimino technikos universitetas 
Universidade Federal de Santa Maria UFSM
Kumamoto University
Missouri University of Science and Technology
Nova Southeastern University
Aberystwyth University / Prifysgol Aberystwyth
Harbin Institute of Technology
University of Otago
Nankai University
Pusan National University (Miryang)
University of Memphis (incl. Lambuth)
University of Maribor / Univerza v Mariboru
Depaul University
Gheorghe Asachi Technical University
Università degli Studi di Parma
Oregon Health & Science University
Tongji University
Swansea University 
Universidad de León
Nanjing Normal University 
University of New Brunswick
Universiti Teknologi MARA
Texas State University
Loyola University Chicago
North Dakota State University
Universidad de Antioquia
Flinders University
University of Texas Health Science Center at San Antonio
Creighton University
University of Waikato
Vilnius University / Vilniaus universitetas 
University of Portsmouth
Indiana State University
Thammasat University
Universität Saint Gallen
University of Hertfordshire
Universidad de los Andes Mérida
Bilkent University Ihsan Dogramaci
Universidade Federal de Goiás
California State University Long Beach
Universidade do Estado do Rio de Janeiro UERJ
Indian Institute of Technology Kanpur
Murdoch University
University of Pretoria
Cleveland State University
Southwest Jiaotong University
Rhodes University
Xidian University
Universidad de Concepción
Universität Siegen
Università degli Studi di Udine
Kaunas University of Technology / Kauno technologijos universitetas 
Lulea University of Technology / Luleå tekniska Universitet
Pontificia Universidad Católica de Chile 
Ernst Moritz Arndt Universität Greifswald
University of Missouri Kansas City
Universidad de Las Palmas de Gran Canaria
Technical University of Košice / Technická univerzita v Košiciach
University of Dayton
Università di Modena e Reggio Emilia 
Sheffield Hallam University
University of Hull
Carl Von Ossietzky Universität Oldenburg
Tehran University of Medical Sciences
Victoria University of Wellington 
Hanyang University
University of Exeter 
Hacettepe University 
Ferdowsi University of Mashhad
Indiana University 
Brunel University
University of South Australia
University of Essex
King Mongkut's Institute of Technology Ladkrabang
Royal Holloway University of London
Università degli Studi di Verona
Sofia University Saint Kliment Ohridski
Florida Atlantic University
Southeast University China
Nicolaus Copernicus University / Uniwersytet Mikolaja Kopernika
Instituto Politécnico Nacional
University of Ulster
Transilvania University of Brasov
Universidad Rey Juan Carlos
Curtin University of Technology
South China Normal University
Renmin University of China
Dalian University of Technology
Universidad de Extremadura
University of Massachusetts Lowell
University of Western Sydney
University of Anatolia / Anadolu Üniversitesi
Universidad de Jaén
Nihon University
King Abdulaziz University
Université de Caen Basse Normandie
Inonu University Malatya
Moscow Institute of Physics and Technology
University of Texas Medical Branch Galveston 
Shinshu University
Universidad Autónoma Metropolitana
Université de Franche Comté
Universität Osnabruck
University of Plymouth
Sungkyunkwan University 
University of Toledo
University of Huddersfield
Bogazici University
Universidad de Cádiz
University of North Dakota 
Conservatoire National des Arts et Métiers
James Madison University
University of Belgrade
Medical College of Wisconsin
Universidad Autónoma de Nuevo León
University of the West of England
City University London
Moscow State Engineering Physics Institute
Shaanxi Normal University
Universidade Católica Portuguesa
Università degli Studi di Perugia
Universidad de Talca
Mahasarakham University
Universität fur Bodenkultur Wien
University of South Africa
Université Montpellier II Sciences et Techniques du Languedoc
University of Ioannina
Waseda University
Brandeis University
École Polytechnique France 
Università degli Studi di Messina
Wesleyan University
Université Paris 6 Pierre and Marie Curie
University Politechnica of Bucharest
Universitat Oberta de Catalunya 
University of Arkansas Little Rock
California State University Los Angeles
Brock University
University of Salford
Vietnam National University Hanoi
Central South University (Zhongnan University)
University of Massachusetts Boston
University of Reading 
Birkbeck University of London
Sabanci University 
Southern Federal University (Rostov State University)
Universitat de les Illes Balears
University of West Bohemia (Vysoká Škola v Plzni) / Západoceská Univerzita v Plzni
National Dong Hwa University (Hualien University of Education)
University of the Philippines Diliman 
Copenhagen Business School
Huazhong (Central China) Normal University
Wright State University
University of Limerick
Universität Hohenheim
Université de Nantes
University of Stirling
Fordham University
Tomas Bata University in Zlín / Univerzita Tomáše Bati Ve Zlíne
De Montfort University
Suranaree University of Technology
Tallinn University of Technology / Tallinna Tehnikaülikool
Wuhan University of Technology
Tadeusz Kosciuszko Cracow University of Technology / Politechnika Krakowska im. Tadeusza Kosciuszki
Università degli Studi di Trieste 
Cairo University
Chongqing University
I-Shou University
China Agricultural University
University Babes Bolyai
Università Politécnica delle Marche
Wichita State University
Griffith University
Pontificia Universidade Católica do Rio Grande do Sul PUCRS
University of Kwazulu Natal
Abo Akademi University
Ohio University
Universidade de Évora
University of Akron
Beijing University of Chemical Technology
Cranfield University
University of Lethbridge
East Tennessee State University
Western Washington University
Universidade Federal do Ceará
Università degli Studi di Ferrara
Nanjing Agricultural University
Universidade Federal de São Carlos
Tianjin University
Dublin Institute of Technology
Chang'an University 
London Metropolitan University
University of Nebraska Omaha
Kazan (Volga Region) Federal University
Edith Cowan University
University of Brighton 
Central Michigan University
Université de Bourgogne
University of Missouri Saint Louis
University of Southern Queensland
Università Ca' Foscari Venezia
University of Tokushima
Universität Augsburg
East China University of Science & Technology
Clarkson University
Villanova University
Universidad Nacional Mayor de San Marcos
Marquette University 
Universidad de los Andes Colombia
Universidade Federal de São Paulo UNIFESP
Hosei University
City University of New York
Universidad de La Laguna
China University of Mining & Technology
International School for Advanced Studies of Trieste
Istanbul University
Sichuan University
University of Latvia / Latvijas Universitate Riga
École Normale Supérieure de Lyon 
Università degli Studi di Cagliari
Università del Salento (ex-Lecce) 
Università degli Studi di Urbino Carlo Bo
Stevens Institute of Technology
Jinan University
University of Northern Iowa
Indiana University Bloomington
Feng Chia University
Japan Advanced Institute of Science & Technology
Université Toulouse II Le Mirail
University of Denver
Bucharest Academy of Economic Studies
Santa Clara University
Northeast Normal University
University of Regina
Universidad del Valle
Bergische Universität Wuppertal
Colorado School of Mines
Università degli Studi di Sassari
Université Lumiere Lyon 2
Technical University of Ostrava / Vysoká Škola Bánská Technická Univerzita Ostrava
Belarusian State University
Indian Institute of Technology Delhi 
Zhejiang University of Technology
Polytechnic Institute of New York University
Universidad Central de Venezuela
University of Medicine & Dentistry of New Jersey
Yamaguchi University
Huazhong (Central China) Agriculture University
Manchester Metropolitan University
Centro de Investigación y de Estudios Avanzados del IPN CINVESTAV
National Chi Nan University
Shizuoka University
Soochow University Taiwan
University of Bucharest
Atatürk University
University of Warmia and Mazury / Uniwersytet Warminsko-Mazurski w Olsztynie (Akademia Rolniczo-Techniczna w Olsztynie)
Guangdong University of Technology
Université Clermont-Ferrand 2 Blaise Pascal
Universidad de Cantabria
University of Texas Southwestern Medical Center at Dallas
University of South Bohemia / Jihoceská Univerzita v Ceských Budejovicích
University of the Aegean
Demokritos University of Thrace
Guangzhou University
Victoria University
Alpen Adria Universität Klagenfurt
Universidad de Sonora
University of Colorado Colorado Springs
Universidade Federal do Rio Grande do Norte
Wilfrid Laurier University
Università degli Studi di Brescia
Nanjing University of Aeronautics & Astronautics
Ningbo University
Université de Neuchâtel
Yuan Ze University
Institut National des Sciences Appliquées de Lyon
University of Pécs / Pécsi Tudományegyetem PTE
University of Massachusetts Medical School at Worcester
University of North Carolina Wilmington
Harbin Engineering University
Universidade de Tras os Montes e Alto Douro
Roskilde University / Roskilde Universitet
Yamagata University
University Politechnica of Timisoara
Indiana University/Purdue University Fort Wayne
Technical University of Cluj Napoca
Multimedia University
Tomsk Polytechnic University
Clark University
Hunan Normal University
Mount Holyoke College
Medical University of South Carolina
Kanazawa University
Institut Teknologi Sepuluh Nopember
École des Mines de Paris 
Université d'Angers
Technische Universität Clausthal
Université de Poitiers
Institut National Polytechnique Lorraine
Rockefeller University
University of Massachusetts Dartmouth
Universidad Politécnica de Cartagena
Technische Universität Hamburg Harburg
Swinburne University of Technology
Université Paris 13
Charles Sturt University
Università degli Studi di Salerno
Universidad de Huelva
Beijing (Northern) Jiaotong University 
Oakland University
Idaho State University
Hefei University of Technology
National Kaohsiung University of Applied Sciences
Riga Technical University / Rigas Tehniska universitate
Nagasaki University
Taipei Medical University
University of Greenwich
Santa Fe Institute
Universität Otto Friedrich Universität Bamberg
Konkuk University
Pontificia Universidad Javeriana
Mie University
University of Macau
Zhengzhou University
Ocean University of China
Sam Houston State University
University of Tulsa
National Taipei University of Technology
University of Nebraska Medical Center
Instituto Politécnico do Porto
Beijing Institute of Technology
Universidad Miguel Hernández
Çukurova University 
Mendel University of Agriculture and Forestry Brno / Mendelova Univerzita v Brne
University of Northern British Columbia
Bucknell University
California State University Fullerton
Beijing Forestry University
Université de Savoie
Universidad Técnica Federico Santa María 
Yeshiva University
China Medical University Taiwan
Koç University
Southern Illinois University Edwardsville
Université Paris 8 Vincennes-St Denis
École des Hautes Études en Sciences Sociales
Kinki University
Universidad Austral de Chile
Universidade Federal do Rio Grande FURG
Universidade Estadual de Londrina
Saratov State University
Université Paris East Marne la Vallée
National Technical University of Ukraine Kiev Polytechnic Institute
Medizinische Universität Wien
Auckland University of Technology
Tokyo University of Agriculture and Technology
Universidad Industrial de Santander
Southern Taiwan University
Oklahoma State University
Niigata University
London School of Hygiene & Tropical Medicine
Dokuz Eylül University
Lincoln University
Baskent University
Saitama University
Acadia University
Semmelweis University Budapest / Semmelweis Egyetem SE 
Tennessee Technological University
Universidad Michoacana de San Nicolás de Hidalgo
Universität zu Lubeck
Yunnan University
Northwestern Polytechnical University
Tokyo University of Science 
Pontificia Universidade Católica de São Paulo PUC-SP
Naval Postgraduate School
Tokai University
Providence University
College of Charleston
University of Alabama Huntsville
Keele University
South China Agricultural University
Hofstra University
Kyushu Institute of Technology
National Yang Ming University
Université Paris 9 Dauphine
Kangwon National University (Samcheok National University) 
Central Queensland University CQUniversity
University of the Western Cape
Towson University (Baltimore Hebrew University)
Southwest University China 
Universitat Rovira i Virgili 
Universidade Federal do Pará UFPA
Wenzhou University
University of Richmond
Université de Limoges
Fukuoka University
National Changhua University of Education
Universidade da Beira Interior
Thomas Jefferson University 
Université Denis Diderot Paris VII
National University of Ireland Maynooth
N I Lobachevsky State University of Nizhny Novgorod
Bangor University
South Dakota State University
School of Advanced Study University of London
University of the Ryukyus
Università degli Studi Gabriele d'Annunzio Chieti e Pescara
Doshisha University
Selçuk University
Chang Gung University
Université Henri Poincaré Nancy 1
Montclair State University
École Normale Supérieure Cachan
University of Toyama
Gunma University
Université de Rouen
Middlesex University
Louisiana Tech University
Universidade Federal da Paraíba UFPB
Bogor Agricultural University
Eastern Mediterranean University
Sogang University
Ewha Womens University
Osaka City University
Northwest A & F University
Northwest Normal University
Kingston University London
Indonesia University of Education
Guangxi University
Qingdao University of Science & Technology
Ehime University
Howard University
University of Westminster 
Sharif University of Technology Tehran 
Università Commerciale Luigi Bocconi Milano 
University of Novi Sad
University of Thessaly
Rowan University
Tokyo Metropolitan University
American University in Cairo
Athens University of Economics and Business
Saint Petersburg State Institute of Fine Mechanics and Optics
Laurentian University
Lincoln University Canterbury
National University of Tainan
Northeast Forestry University
Jiangnan University 
Inha University
Universidad Tecnológica Nacional
Gifu University
Università degli Studi Mediterranea Reggio Calabria
Coventry University
Yokohama National University
Université Toulouse 1 Sciences Sociales
University of North Florida
Orebro University / Örebro Universitet
Università degli Studi di Cassino
Université de Versailles Saint Quentin en Yvelines
Suleyman Demirel University Turkey
Erciyes University
Chongqing University of Posts & Telecommunications
University of Cyprus
Nagaoka University of Technology
National Institute of Technology Rourkela
University of South Dakota
Bauhaus Universität Weimar
Universidad Nacional de Tucumán
Isfahan University of Medical Sciences
University of Science & Technology Beijing
Goldsmiths University of London 
University of Louisiana at Lafayette 
Université de Technologie de Compiegne
Brandenburgische Technische Universität Cottbus
Asian Institute of Technology Thailand
Universidad Autónoma del Estado de México 
University of South Alabama 
American University of Beirut
Scuola Normale Superiore di Pisa
Universitat Ramon Llull 
Kansai University
University of Jinan
Universidade do Vale do Rio dos Sinos UNISINOS
Shantou (Swatow) University
Université de Reims Champagne-Ardenne 
Shenzhen University
National University of Defense Technology (National Defense University)
Universidade Federal de Lavras UFLA
Technische Universität Bergakademie Freiberg
Université du Luxembourg
Kagoshima University
Ain Shams University
Lappeenranta University of Technology / Lappeenrannan teknillinen yliopisto
Chung-Ang University
Oxford Brookes University
Bialystok Technical University / Politechnika Bialostocka 
Texas Christian University
Saga University
Università degli Studi dell'Aquila
Université du Sud Toulon Var
Universidad de Carabobo
University of Bradford 
Henan University
Scuola Superiore Sant'Anna
University of Craiova
University of Shanghai for Science & Technology
Florida Institute of Technology
Université Montpellier 3 Paul Valéry
Université Paris-Est Créteil UPEC (Université Paris 12) 
Ajou University
Pontificia Universidade Católica do Minas Gerais PUC-MINAS
Universidad Nacional de Cuyo Mendoza
North University of China
University of Hawaii at Manoa 
Universidad de Almería
Qingdao University
Silpakorn University
Nottingham Trent University
University of Electro-Communications
Uniformed Services University of the Health Sciences
Pontificia Universidad Católica de Valparaíso 
Technical University of Crete
University of Malta
Aston University
Université de la Réunion
Hohai University
École Supérieure d'Electricite SUPELEC
Fuzhou University
Napier University Edinburgh
London South Bank University
Osaka Prefecture University
Universidad Pública de Navarra
Université de Tours Francois Rabelais
Chiba University
Saint Petersburg State Polytechnic University 
Robert Gordon University
Université de Provence
Universidad Autónoma de Puebla
Nanjing University of Science & Technology
Universidad de las Américas Puebla
Université de Bretagne Occidentale
Università degli Studi di Camerino
Voronezh State University
Aalto University / Aalto-yliopisto
Instituto Politécnico de Lisboa
Universidade do Algarve
Universidade Estadual de Ponta Grossa UEPG
École des Mines de Nantes 
Gaziantep University
University at Bialystok / Uniwersytet w Bialymstoku
Czech University of Life Sciences Prague (University of Agriculture) / Ceská Zemedelská Univerzita v Praze
Nantong University
Università degli Studi dell'Insubria Varese e Como
United Arab Emirates University
Warsaw University of Life Sciences (Agricultural University) / Szkola Glówna Gospodarstwa Wiejskiego w Warszawie
Nara Institute of Science & Technology
Communication University of China (Beijing Broadcasting Institute) 
Catholic University of America
Hallym University
Ss Cyril and Methodius University Skopje
Szent István University Gödöllo / Szent István Egyetem SZIE 
University of Arkansas for Medical Sciences
Universidad Veracruzana
Chonbuk National University (Iksan National College) 
Uludag University (Bursa Technical University)
Institute of Chemical Technology in Prague / Vysoká Škola Chemicko-Technologická v Praze
Jiangsu University
Liverpool John Moores University 
Norwegian University of Life Sciences / Universitetet for miljø- og biovitenskap
Rzeszow University of Technology / Politechnika Rzeszowska Im. Ignacego Lukasiewicza
Youngstown State University
Universidad Simón Bolívar Venezuela
Bauman Moscow State Technical University
Grand Valley State University
Makerere University
University of Wolverhampton
Chinese Culture University
Wageningen University & Research Centre
Eskisehir Osmangazi University
University of Delhi
Universidade do Estado de Santa Catarina UDESC
Universidad Nacional de San Martín Argentina
Universitas Sebelas Maret
Pavol Jozef Šafárik University in Košice / Univerzita Pavla Jozefa Šafárika v Košiciach
Universidad Nacional de Rosario
Medizinische Hochschule Hannover
National Chiayi University
University of Glamorgan / Prifysgol Morgannwg
Universidad Nacional del Litoral
Institute of Education University of London
Universidad Autónoma de Baja California
Università degli Studi del Piemonte Orientale Amedeo Avogadro
Saint Mary's University
Université de Picardie Jules Verne
Universidade Federal de Mato Grosso do Sul
Kuwait University 
National United University
University of Pardubice / Univerzita Pardubice
Université de Strasbourg
Yildiz Technical University
Duquesne University
Meiji University
Universidade de Pernambuco
Universidade Federal de Pelotas UFPEL 
Universidade Católica de Brasilia
University of Central Lancashire
Technical University of Liberec / Technická Univerzita v Liberci 
King Faisal University
Universidad de Puerto Rico
Universidade Estadual do Oeste do Paraná UNIOSTE
Amirkabir University of Technology
Ondokuz Mayis University
University of Khartoum
Capital Normal University
Nanjing University of Technology
Xi'An University of Technology
Isfahan University of Technology
Sophia University
Universiti Malaysia Sabah
Iwate University
Universität der Bundeswehr München
Universidade Federal do Espírito Santo
École Centrale de Lyon
Lamar University
Taiyuan University of Technology
Universidad Nacional del Centro de la Provincia de Buenos Aires
University of Eastern Finland / Itä-Suomen yliopisto
Universidade Federal de Campina Grande
Hebei University of Technology
Shandong Normal University
Saint Francis Xavier University
University of Stavanger / Universitetet i Stavanger
Universidad Nacional de San Luis
Gunadarma University
Universidade Federal de Juiz de Fora UFJF
Marmara University
Huaqiao University
Chung Hua University
Firat University
Universidad Autónoma de Yucatán
West University of Timisoara
University of Sarajevo / Univerzitet u Sarajevu
Université de Montpellier 1
University of Connecticut Health Center
Lviv Polytechnic National University
Northumbria University
Università della Tuscia Viterbo
Yüzüncü Yil University
Universidad de la Frontera
University of Nis
Swarthmore College
Shiraz University of Medical Sciences
Universidad Nacional del Nordeste
Kagawa University
Kocaeli University
Zhejiang Normal University
Shanxi University
Sultan Qaboos University
Universität Salzburg
University of Macedonia
Donghua University
Nagoya Institute of Technology
Mälardalen University / Mälardalens Högskola
Universidade Estadual do Ceará
Hirosaki University
Beijing University of Posts & Telecommunications
Université Montesquieu Bordeaux IV
Singapore Management University
Shanghai Normal University
Ryukoku University
Lakehead University
Yeungnam University
Université Nancy 2
Pontificia Universidade Católica do Paraná PUCPR
Universidade Federal Rural do Rio de Janeiro UFRRJ
Trakya University
Asia University Taiwan
Shiraz University
University of Science & Technology of China
Shu-Te University
Yanshan University
Ural Federal University (State Technical University)
Université d'Orléans
University of Johannesburg
Ural State University
University of East London
Beijing University of Technology (Beijing Polytechnic University)
Heilongjiang University
Iran University of Science & Technology Tehran
Trent University
Adnan Menderes University
China Medical University Shenyang
Dalian Maritime University
North China Electric Power University
Université du Droit et de la Santé Lille 2
Kunming University of Science & Technology (Yunnan Polytechnic University)
Novosibirsk State Technical University
Universidad de la Habana
Xiangtan University
Université de la Méditerranée Aix Marseille II
Atilim University
Naresuan University
Jackson State University
Kennesaw State University
Université Victor Segalen Bordeaux 2 
Dicle University
Gwangju Institute of Science & Technology  
University of Jordan
University of Wales Institute Cardiff
Diponegoro University
Kunsan National University
Tottori University
École Centrale de Nantes
Siberian Federal University
Nanjing University of Information Science & Technology (ex-Institute of Meteorology)
Hangzhou Dianzi University
University of California Merced
Universidad Pablo de Olavide
Chuo University
Universitas Sriwijaya
University of Karlstad / Karlstads Universitet
Tzu Chi University
California State University East Bay
Fourth Military Medical University
Halmstad University / Högskolan i Halmstad
Universidad de Colima
China University of Petroleum
École Centrale Paris
Institute for Advanced Study
École Nationale Supérieure des Telecommunications (Telecom ParisTech)
University of Yamanashi
Pontificia Universidad Católica del Perú
Universidade da Madeira
Universidad de Guanajuato
Kwame Nkrumah University of Science & Technology
Université Paul Verlaine Metz
Universidad de Puerto Rico Mayaguez
Universiti Malaysia Perlis
Petra Christian University
Saint George's University of London
Università degli Studi di Bergamo
Kochi University
Universitat de Lleida
Xi'An University of Architecture & Technology
Universidade de Passo Fundo 
Universités à Aix en Provence
Shibaura Institute of Technology
National University of Kaohsiung
Teesside University
Universidade Federal de Ouro Preto UFOP
Universidade do Vale do Itajaí UNIVALI
Airlangga University
Akdeniz University
Peoples' Friendship University of Russia 
Veterinarmedizinische Universität Wien
Universidad Nacional del Sur
West Pomeranian University of Technology (Szczecin Univ Technology+Agricultural Univ) / Zachodniopomorski Uniwersytet Technologiczny w Szczecinie
Xuzhou Normal University
Tokyo Medical and Dental University
Universidad Técnica Particular de Loja
Universidade Federal de Sergipe UFS
Hubei University
University of Texas Pan American
University of Nairobi
Addis Ababa University
Louisiana State University Health Sciences Center
United Nations University
Instituto Politécnico de Bragança
Anhui University
Mansoura University
Universidade Tecnológica Federal do Paraná UTFRP
National University of Ireland Galway
Université du Maine le Mans Laval
Université du Littoral Côte d'Opale
Nelson Mandela Metropolitan University
National Formosa University
University of Piraeus
Universitas Islam Indonesia
Agricultural University of Athens
Peking University Health Science Center (Beijing Medical University)
Wuhan University of Science & Technology
Nanjing University of Posts & Telecommunications
Chungnam National University 
Cumhuriyet University
Srinakharinwirot University
University of Wisconsin Oshkosh
Technical University of Sofia
Technical University of Czestochowa / Politechnika Czêstochowska 
Universidad del Zulia
Southern Cross University
Universitas Negeri Malang
Southern Medical University (First Military Medical University)
Institut National des Sciences Appliquées de Toulouse
Universitas Negeri Semarang
Università degli Studi del Molise
Burapha University
Loma Linda University
Université de Cergy Pontoise
Dongguk University 
Manipal University
Universidade dos Açores
Fatih University 
Corporación Universitaria Minuto de Dios
Tokyo Denki University
Florida Agricultural & Mechanical University
Universidad Iberoamericana
Akita University
International Islamic University of Malaysia
Université de Bretagne Sud
École Nationale Supérieure des Telecommunications de Bretagne 
Kochi University of Technology
Toyohashi University of Technology
Kafkas University
University Stefan Cel Mare of Suceava
China Three Gorges University
Universidade Federal do Maranhão
Universidad del Cauca
University of the West Indies Saint Augustine
Celal Bayar University
Yangtze University
Universidade Federal do Piauí UFPI
Mersin University
University of Economics Prague / Vysoká Škola Ekonomická v Praze
Kwansei Gakuin University
Sakarya University
Université Paul Cézanne Aix-Marseille 3
Shimane University
Medizinische Universität Graz
Nanjing Medical University
Oita University
South China University of Technology
Université Jean Monnet Saint Etienne
Universidad de Burgos
California State University Fresno
Tatung University
Universitas Muhammadiyah Malang
Rikkyo University (Saint Paul's University)
Toyo University
Seconda Università degli Studi di Napoli
Qatar University
Universidad Nacional de Mar del Plata
Sichuan Agricultural University
Changchun University of Technology
Charles Darwin University
University of Colombo
Institut National Polytechnique de Toulouse
College of New Jersey
Anna University Chennai
Yangzhou University
State University Higher School of Economics
Università IUAV di Venezia
Hunan University of Science & Technology 
Universidad Autónoma de San Luis Potosi
Tianjin Polytechnic University
Escuela Superior Politécnica del Litoral
Mashhad University of Medical Sciences
Sejong University
Deutsche Sporthochschule Köln
University of Primorska / Univerza na Primorskem
Kookmin University
University of Ballarat
Çanakkale Onsekyz Mart University
National Taipei University
Soongsil University
Fujian Normal University 
University of Veterinary and Pharmaceutical Sciences Brno / Veterinární a Farmaceutická Univerzita v Brne
Pontificia Universidade Católica do Campinas PUC-CAMPINAS
Hebei University of Engineering
Hubei University of Technology
Universidade Federal de Mato Grosso
Grenoble Institute of Technology Institut polytechnique de Grenoble
École Nationale Supérieure d'Ingénieurs de Caen
Guangxi Normal University
Assumption University of Thailand
Afyon Kocatepe University
Nanchang University
Politecnico di Bari
Universitas Mercu Buana
Buffalo State College
Prairie View A&M University
University of Wisconsin Stevens Point
Guizhou University (Institute of Technology)
Estonian University of Life Sciences / Eesti Maaülikool
Università degli Studi di Foggia
Université Sorbonne Nouvelle Paris 3
University of Miyazaki
Harran University
Henan Polytechnic University 
Hebei University
Universitas Padjadjaran
Kanagawa University
Jacobs University Bremen
Collège de France
Lublin University of Technology / Politechnika Lubelska 
Universitas Sumatera Utara
University of Oradea
University of the Free State 
Zhejiang Gongshang University
Zonguldak Karaelmas University
University of the West Indies
California State University Chico
Ibaraki University
Henan Normal University (Xinxiang Teachers College) 
Obihiro University of Agriculture and Veterinary Medicine
Shandong University of Technology
University of New England Australia
Urmia University
Università degli Studi del Sannio
Wuhan Institute of Technology (Institute of Chemical Technology)
Third Military Medical University 
Chubu University
China Jiliang University (China Institute of Metrology) 
Harbin University of Science & Technology
Glasgow Caledonian University 
Fundação Getulio Vargas FGV
Shandong University of Science & Technology
Tabriz University of Medical Sciences
University of Northern Colorado
Yantai University
Sichuan Normal University
Minnesota State University Mankato
Instituto Superior Politécnico de Viseu
Missouri State University
Stiftung Tierärztliche Hochschule Hannover
Southwest University of Science & Technology
Tokyo Womens Medical University
Blekinge Institute of Technology / Blekinge Tekniska Högskola
Instituto Politécnico de Leiria
Dunarea de Jos University Galati
Desert Research Institute
Kyoto Institute of Technology
Shanghai Maritime University
National Kaohsiung Normal University
Anhui Medical University
Institut Eurecom École d'Ingénieurs en Systemes de Communication
Université INRS Institut National de la Recherche Scientifique
Utsunomiya University
Kitasato University
An-Najah National University
Nanjing Forestry University
New Mexico Institute of Mining & Technology New Mexico Tech
Institute of Tropical Medicine Antwerp
École Polytechnique de Montréal
University of Kansas Medical Center
Harvard University Harvard Business School
London Business School
University of Rijeka
Shahid Beheshti University Tehran
Université d'Avignon et des Pays de Vaucluse
Universidade de Fortaleza UNIFOR
Université de Grenoble 3 Stendhal
Cochin University of Science & Technology
University of Abertay
University of Kragujevac / Univerzitet u Kragujevcu
Università degli Studi di Napoli Parthenope
Montanuniversität Leoben / University of Leoben 
Universidade Federal de Amazonas UFAM
Rajamangala University of Technology Lanna
University of the Thai Chamber of Commerce
Central European University Budapest / Közép-európai Egyetem
State University of New York College of Environmental Science and Forestry
Universitas Hasanuddin University
University of West Georgia
Al Imam Mohamed Ibn Saud Islamic University
Nara Women's University
Military Academy of Technology in Warsaw / Wojskowa Akademia Techniczna / Military University of Technology
Liaocheng University
Universidad de La Rioja 
Athabasca University
Pacific National University
University of Ontario Institute of Technology
University of West Florida
Hunan Agricultural University 
Poznan University of Medical Sciences / Uniwersytet Medyczny W Poznaniu 
Pamukkale University 
Chicago Kent College of Law
Shandong Agricultural University
University of Ulsan
Universidad del Rosario
University of Winnipeg
Valdosta State University
State University of New York
University of Wisconsin Stout
Yeditepe University
Warsaw University Faculty of Mathematics Informatics and Mechanics / Uniwersytetu Warszawskiego Wydzial Matematyki, Informatyki i Mechaniki 
Universidade de Caxias do Sul
Belarusian State University of Informatics and Radioelectronics
New School
Umm Al-Qura University
Shenyang Pharmaceutical University
Jordan University of Science & Technology
Kyung Hee University 
Reed College
Saint John's University
Universiti Teknologi Petronas
Kwangwoon University
Northern Kentucky University
Università degli Studi della Basilicata
Amherst College
Malmo University / Malmö högskola
Université du Québec Chicoutimi
University of Tennessee Martin
Université de Evry Val d'Essonne
Medical University of Warsaw / Warszawski Uniwersytet Medyczny
Polytechnic of Namibia
Universidade Luterana do Brasil ULBRA
Université de Valenciennes et du Hainaut Cambresis
Electronic Engineering Polytechnic Institute of Surabaya
Pace University
Dankook University
Università della Svizzera Italiana 
Universidad Interamericana de Puerto Rico
Humboldt State University
Aoyama Gakuin University
Teikyo University
Universitas Muhammadiyah Yogyakarta
King Mongkut's University of Technology North Bangkok
Hong Kong Institute of Education
Bowdoin College
Kahramanmaras Sutcu Imam University
Jönköping University / Högskolan i Jönköping
University of Prešov / Prešovská univerzita v Prešove
Universitas Muhammadiyah Surakarta
University of Wisconsin Whitewater
Washington & Lee University
Hampton University
Harbin Normal University
Bryn Mawr College
University of Houston Clear Lake
Universidade Presbiteriana Mackenzie
Hitotsubashi University
University of Isfahan
University of Aizu
Chengdu University of Technology
Jiangxi Normal University (National Chung Cheng University)
University of Benin 
Universidad de San Carlos de Guatemala
Cheng Shiu University
Illinois Wesleyan University
Université du Havre
Changchun University of Science & Technology
Tallinn University / Tallinna Ülikool
Eastern Michigan University
Universidad Nacional del Comahue
University of Michigan Flint
Milwaukee School of Engineering
Can Tho University
Maejo University
Medizinische Universität Innsbruck
Colegio de Postgraduados
École Nationale Supérieure des Arts et Métiers 
Harbin Medical University
Carleton College
University of San Francisco
Université de Perpignan Via Domitia
Indian Institute of Technology Roorkee 
Université d'Artois
Panjab University 
Université d'Auvergne Clermont-Ferrand 1
Inje University
University of Colorado Denver
AgroParisTech Institut des Sciences et Industries du Vivant et de l'Environnement
California Polytechnic State University Pomona
Xi'An University of Science & Technology
École Supérieure de Physique et de Chimie Industrielles de la Ville de Paris ParisTech
Centro Universitário de Maringá CESUMAR
Tokyo City University (Musashi Institute of Technology)
Texas A&M University Health Science Center
Bradley University
Kogakuin University
Middlebury College
Liberty University
Asahikawa Medical University
North West University
Universidad Nacional de Río Cuarto
Osmania University Hyderabad
Abant Izzet Baysal University
Kongju National University
Jawaharlal Nehru University
Zagazig University
Eastern Illinois University
Southern Ural State University
University of Texas Health Science Center at Houston 
Universiti Tenaga Nasional
Hebei University of Science & Technology
National Institute of Technology Tiruchirappalli
Gaziosmanpasa University
Universidade Federal do ABC UFABC
Rose Hulman Institute of Technology
Nanjing University of Traditional Chinese Medicine
University of Sharjah
Northeast Agricultural University 
Hebei Normal University
Kawasaki Gakuen (Kawasaki Medical School + Kawasaki University of Medical Welfare)
Universidade Federal do Estado do Rio de Janeiro UNIRIO
China Pharmaceutical University
Bournemouth University
Indian Statistical Institute Kolkata
Banaras Hindu University
Calvin College
Williams College
CUNY Brooklyn College
FernUniversität in Hagen
Shanghai University of Traditional Chinese Medicine and Pharmacology 
Nagoya City University
South Central University for Nationalities
Guilin University of Electronic Technology
Kun Shan University (ex-Institute of Technology)
Open University / Open Universiteit Netherlands
Rajamangala University of Technology Phra Nakhon
Evergreen State College
Barnard College
Gyeongsang National University
Lanzhou Jiaotong University
Maria Curie Sklodowska University / Uniwersytet Marii Curie-Sklodowskiej w Lublinie
Universität Passau
Northwest University
New York Medical College
Shanghai University of Finance & Economics
Simmons College
Universidad Autónoma del Estado de Morelos
North Caucasus State Technical University
Anhui University of Technology
University of Ghana
Senac Serviço Nacional de Aprendizagem Comercial Departamento Nacional
Jichi Medical University
Keimyung University
Nigde University
Kurume University
Marshall University
Universiti Utara Malaysia
Yunnan Normal University
University of Tabriz
University of Chemical Technology and Metallurgy Sofia
Universidad Autónoma del Estado de Hidalgo
Nippon Medical School
Okayama University of Science
University of Saint Thomas Saint Paul
Indian Institute of Technology Kharagpur
Vytautas Magnus University / Vytauto Didžiojo universitetas 
École Centrale de Lille
Kitakyushu University
Ramkhamhaeng University
Institut National des Sciences Appliquées de Rouen
National Pedagogical University MP Dragomanova
Yokohama City University
University of Prince Edward Island
Zurcher Hochschule für Angewandte Wissenschaften
Liaoning Normal University
Houston Community College System
University of Guilan
Radford University
Anhui Normal University
Sweet Briar College
Waterford Institute of Technology
Vassar College
Ming Chuan University
Tohoku Gakuin University
Zhejiang University of Science & Technology
Kirikkale University
Weber State University
Fachhochschule Nordwestschweiz
Muroran Institute of Technology
University of New England Maine
Linnaeus University / Linnéuniversitetet (Växjö + Kalmar Universities)
Seton Hall University
University of Technology and Life Sciences Bydgoszcz / Uniwersytet Technologiczno-Przyrodniczy im. J. i J. Sniadeckich w Bydgoszczy
Pomona College
Chung Shan Medical and Dental University
Universidad Peruana Cayetano Heredia
Shenyang University of Technology
University of Medicine and Pharmacy Iuliu Hatieganu Cluj Napoca
Informatics and Computer College Stmik Amikom
Dong-A University
Universiti Tunku Abdul Rahman
Ubonratchathani University
University of Illinois Springfield
University of the Punjab
Coastal Carolina University
Universidade Estadual do Sudoeste da Bahia UESB
Wuhan Polytechnic University
Eastern Virginia Medical School
Guido Carli Libera Università Internazionale degli Studi Sociali
Lanzhou University of Technology (Gansu University of Technology) 
Ural State Economical University
University of Medicine and Pharmacy Victor Babes Timisoara
Instituto Tecnológico de Aeronáutica ITA
Fondation Nationale des Sciences Politiques Institut d'Études Politiques de Paris 
Shenyang Agricultural University
Universidade Federal Rural de Pernambuco UFRPE
Universidade Estadual de Feira de Santana UEFS
Fairfield University
Mordovia State University
Reykjavik University / Háskólinn í Reykjavík
College of Dupage
National Kaohsiung First University of Science & Technology
Université Jean Moulin Lyon 3
Northwest University China
Universidad Distrital Francisco José de Caldas
Bard College
Saint Petersburg State Electrotechnical University 
Juniata College
University of Mumbai
Johns Hopkins University Applied Physics Laboratory 
Smith College
Central Connecticut State University
Gonzaga University
Universidad Nacional de Salta
Zhongyuan University of Technology
Université du Québec
University of Trnava / Trnavská univerzita v Trnave
Birla Institute of Technology & Science Pilani
Meijo University
Wonkwang University 
Helmut Schmidt Universität
Shih Hsin University
Macalester College
Tokyo University of Foreign Studies
University Ovidius of Constantza
Bangladesh University of Engineering and Technology
Universidade Estadual de Santa Cruz UESC
Escuela Politécnica Nacional
Ritsumeikan University
University of Wisconsin Eau Claire
Universität Koblenz Landau
Bond University
Hochschule für Angewandte Wissenschaften Hamburg
Yogyakarta State University
California State University San Marcos
Istanbul Bilgi University
Xinjiang University
Hamamatsu University School of Medicine 
King Khalid University
Université Mentouri de Constantine
University of the West Indies Mona Jamaica 
Universiti Malaysia Terengganu
Bridgewater State University
University of the Arts London
Seattle University
Universiti Malaysia Sarawak
Johns Hopkins University Bloomberg School of Public Health 
Jimei University
Soonchunhyang University
University of Occupational and Environmental Health
Andrews University
Universidad Autónoma Chapingo
Ferris State University
Moscow State Institute of International Relations
Union College Schenectady NY
Pacific University
Chungbuk National University
Brawijaya University
Siauliai University / Šiauliu universitetas
Unikom
TOBB Economics and Technology University
Ostfold University College / Høgskolen i Østfold
University of West Hungary / Nyugat-magyarországi Egyetem NYME 
Pukyong National University
HEC Montréal École de Gestion
Udmurt State University
Nanhua University Taiwan
Harvey Mudd College
University of North Carolina Asheville
Krasnoyarsk State Pedagogical University
Mustafa Kemal University
Roehampton University
Facultes Universitaires Notre Dame de la Paix
Arkansas State University
École Nationale Supérieure des Sciences de l'Information et des Bibliothéques
University of Maryland Center for Environmental Science
Guangdong University of Foreign Studies
Trinity University San Antonio
Shanghai University of Electric Power
Dalian Medical University
Liaoning University
Saint Cloud State University
Yerevan State University
University College of Boras / Högskolan i Borås
Colorado College
Université de Technologie Belfort-Montbeliard
Hebei United University (North China Coal Medical + Polytechnic) 
Tokyo University of Marine Science & Technology
Soochow University
Dickinson College
Juntendo University
Saint Olaf College
Khaje-Nassir-Toosi University of Technology
Chosun University
Anhui University of Science and Technology
Wroclaw University of Technology / Politechnika Wroclawska
University of Kashan
Université Cheikh Anta Diop de Dakar
Kabardino Balkarian State University
IT University of Copenhagen / IT-Universitetet i København
University of Bedfordshire
California State University Dominguez Hills
Warsaw University Faculty of Physics / Uniwersytetu Warszawskiego Wydzial Fizyki 
Elmhurst College
Shiga University of Medical Science
Earlham College
Southeastern Louisiana University
Florida Gulf Coast University
Universidad del Bío-Bío
National Kaohsiung Marine University
University of Dar Es Salaam
University of Peradeniya
University of Gloucestershire
Western Oregon University
University of San Diego
Universitas Islam Negeri Maulana Malik Ibrahim Malang
Chongqing Jiaotong University
Concordia College Moorhead
Escuela Superior Politécnica de Chimborazo
Grinnell College
Indiana University of Pennsylvania
Loyola Marymount University
Stavropol State University
Hashemite University
Marist College
Lewis & Clark College
Philadelphia University
National Aviation University (Kiev International University of Civil Aviation) 
Universidade do Vale do Paraíba UNIVAP
American University of Sharjah
Taipei National University of the Arts
Al-Azhar University
Moscow Power Engineering Institute
Universidad Andrés Bello
Saint Joseph's University
California State University Stanislaus
National Taras Shevchenko University of Kyiv
Seoul National University of Technology 
National Ilan University
University of Botswana
Colby College
Taiyuan University of Sciences & Technology (Heavy Machinery Institute)
University of Wisconsin la Crosse
University of Central Arkansas
Catholic School of Kempen / Katholieke Hogeschool Kempen
Universitas Tarumanagara 
Wirtschaftsuniversität Wien / Vienna University of Economics and Business
Universidad de Deusto Deustuko Unibertsitatea
Hochschule Bonn Rhein Sieg 
Universidad Pedagógica Nacional
Charité Universitätsmedizin Berlin
IESE Business School Universidad de Navarra
Universidad Nacional Costa Rica
INSEAD Business School
University of Baltimore
Haverford College
Sonoma State University
National Taitung University
Perm State Technical University 
Saint Lawrence University
Université Pierre Mendes Grenoble 2
New York Law School
CUNY Queens College
Qufu Normal University
Adygei State University
Centro de Investigación y Docencia Económicas 
California State University San Bernardino
Mugla University
Texas A&M University Corpus Christi
Yaroslavl State University
Universidade Federal de Itajubá UNIFEI
Kyoto Prefectural University of Medicine
Loyola University New Orleans
Altai State University
Columbia College Chicago
Chonnam National University (Yosu)
Baylor College of Medicine
Andong National University
Henan University of Technology
Université Paris X Nanterre
Johnson County Community College
Nara Medical University
University of Maryland University College
Georgia Health Sciences University (Medical College of Georgia)
School of Oriental and African Studies University of London
Willamette University
State University of New York at New Paltz
Tomsk State University of Control Systems and Radioelectronics
Babson College
Kanazawa Institute of Technology
Butler University
University of the South Pacific
Berklee College of Music
Osaka Institute of Technology
Bloomsburg University of Pennsylvania
Tarbiat Modares University
Assiut University
Jiangxi University of Finance & Economics 
Missouri Western State University
University of Pune 
Fachhochschule Köln
Stephen F Austin State University
Rajamangala University of Technology Isan
Franklin & Marshall College
Universidade Estadual da Paraíba UEPB
Wageningen University
Universitas Udayana
Universita degli Studi Magna Graecia di Catanzaro
Saginaw Valley State University
Trinity College
Ho Chi Minh City University of Technology
Gebze Institute of Technology
Ivanovo State University of Chemistry and Technology
Universidad EAFIT
Far Eastern Federal University 
Catholic School of Limburg / Katholieke Hogeschool Limburg
Helwan University
National Institute of Education
Ulyanovsk State Technical University
Elon University
Western Carolina University
Northern Michigan University
Lahore University of Management Sciences
M D Anderson Cancer Center University of Texas
Walailak University
College of the Holy Cross
Università Carlo Cattaneo
Linfield College
Instituto de Empresa Business School
Toho University
Slovak University of Agriculture in Nitra / Slovenská polnohospodárska univerzita v Nitre 
National University of Sciences & Technology
Western Illinois University
University of Detroit Mercy
Truman State University
Payam Noor University
Saitama Medical University
Cabrillo College
College of Saint Benedict & Saint John's University
Huizhou University
University of Miskolc / Miskolci Egyetem ME
Claremont Colleges
Carthage College
Changsha University of Science & Technology
École Nationale Supérieure d'Électrotechnique d'Électronique d'Informatique d'Hydraulique et des Telecommunications
Zurcher Hochschule der Künste
Capital University of Medical Sciences
Olivet Nazarene University
State University of New York at Oswego
Central Washington University
Eastern Kentucky University
Université de la Rochelle
Beloit College
Ithaca College
Payap University
Corvinus University of Budapest / Budapesti Corvinus Egyetem BCE
Ramapo College of New Jersey
Southwestern University of Finance & Economics
Walla Walla University
Aga Khan University 
United States Naval Academy
Grodno State University
University of Seoul
Katholische Universität Eichstätt-Ingolstadt
Regent University
Suan Dusit Rajabhat University
Valparaiso University
University of Vaasa / Vaasan yliopisto
École de Technologie Superieure
Hiroshima City University
Drake University
Telemark University College / Høgskolen i Telemark
Jikei University School of Medicine
Pepperdine University
Hunan University of Arts & Science (Changde University)
Mercer University
Higher Colleges of Technology
Saint Edward's University
Shanghai Second Medical University
PRES Université de Toulouse
Royal College of Surgeons of Ireland
Universidade do Estado da Bahia UNEB
Islamic Azad University Tehran Science & Research Branch
Bates College
Zhongnan University of Finance & Economics
Dalian University
Tarleton State University
Ufa State Petroleum Technological University 
Universidade Estadual de Goiás UEG
State University of New York Geneseo
University of International Business & Economics
Miami Dade College
University of Canberra
Alfred University
Le Reseau @Archi.fr
Mendeleev University of Chemical Technology of Russia
Fachhochschule Trier
United States Military Academy at West Point
Klaipeda University / Klaipedos universitetas 
Second Military Medical University
University of Skovde / Högskolan i Skövde
Universidad de Valparaíso
Ahmad Dahlan University
Changwon National University
Millersville University of Pennsylvania
Kyungnam University
Matej Bel University in Banská Bystrica / Univerzita Mateja Bela v Banskej Bystrici
Ivan Franko National University of Lviv 
Fujian Medical University
Hope College
Montgomery College
Davidson College
State University of New York Cortland
University of Mazandaran Babolsar
Institut National des Sciences Appliquées de Rennes
Universidad Católica del Norte
Loyola University Maryland
Dong Eui University 
Universidad Pontificia Comillas
Depauw University
University of Zimbabwe
Chapman University
Dalian Jiaotong University (Railway Institute)
Eastern Washington University
Webster University
Rajabhat Institute Chandrakasem
Kentucky State University
Universidad Nacional Agraria
Fukushima Medical University
Drew University
Free University of Bozen Bolzano
Universiti Malaysia Pahang
Sapporo Medical University
Portland Community College
Osaka Medical College
Faculdade Assis Gurgacz FAG
Australian Catholic University
Auburn University Montgomery
Mae Fah Luang University
Pratt Institute
Southern Utah University
Hochschule Fulda 
École Supérieure Chimie Physique Electronique de Lyon
Oberlin College
Brigham Young University Idaho
Medical University of Silesia in Katowice / Slaski Uniwersytet Medyczny w Katowicach 
Monmouth University
Graduate Institute of International Studies Geneva
Stetson University
Beijing Film Academy
University of Wisconsin Green Bay
Yala Rajabhat University
European University Institute 
Institute of Historical Research
Mayo Clinic College of Medicine
Kalamazoo College
Metropolitan State College of Denver
BFH Berner Fachhochschule (German) 
Nanchang Hangkong University (Aviation University)
Marietta College
Tianjin University of Technology
Universidad Autónoma de Ciudad Juarez
Universidade Estácio de Sá
Universidade Regional de Blumenau FURB
Beijing Union University
Saxion Universities of Professional Education 
Wellesley College
Université Charles de Gaulle Lille 3
Università degli Studi di Teramo
Rhodes College
Cardinal Stefan Wyszynski University Warsaw / Uniwersytet Kardynala Stefana Wyszynskiego
National Taipei University of Education
Hasselt University / Universiteit Hasselt (University of Limburg)
Guangdong University of Business Studies
Instituto Politécnico de Setúbal
National Institute of Development Administration
Dongbei University of Finance & Economics
Korea University of Technology and Education
Université Rennes 2 Haute Bretagne 
Hochschule für Technik, Wirtschaft und Kultur Leipzig
Clayton State University
Tokyo University of Agriculture
Georgia College & State University
Connecticut College
Jawaharlal Nehru Technological University
Moscow State Civil Engineering University
Shenzhen Polytechnic
Henan Agricultural University
Rhode Island School of Design
Universiti Sains Islam Malaysia
Donetsk National Technical University
Ludong University 
Jan Evangelista Purkyne University / Univerzita Jana Evangelisty Purkyne v Ústí Nad Labem
Fort Hays State University
Polish Japanese Institute of Information Technology in Warsaw / Polsko Japonska Wyzsza Szkola Technik Komputerowych
Qingdao Technological University
Northeast Dianli University (Northeast Electrical University)
Colegio de México
Hung Kuang University
Johns Hopkins University School of Medicine 
North Carolina Agricultural & Technical State University
East China University of Politics & Law
British Columbia Institute of Technology
Guangxi University for Nationalities
University of Redlands
Università degli Studi di Macerata
Eszterházy Károly College Eger / Eszterházy Károly Foiskola EKF
Universidad del Norte Barranquilla
University of Tennessee Chattanooga
Nanzan University
School for International Training
Cape Peninsula University of Technology
Northeastern State University 
Saint Petersburg State University of Technology and Design
Universität Hildesheim
Denison University
Medical University of Gdansk / Gdanski Uniwersytet Medyczny 
University of Peloponnese
ISI Denpasar
Johnson & Wales University
Russian State University for the Humanities
Capital University of Economics & Business
University of Wisconsin Parkside
University of Dubna
Chelyabinsk State University
Muhlenberg College
Gustavus Adolphus College
Huafan University
Università Campus Bio Medico di Roma
Silesian University / Slezská Univerzita v Opave
University of Calcutta
Palomar College
Oklahoma City University
Hebei Medical University
University of the Philippines Los Baños
Bangkok University
Southern Oregon University
University of Pannonia (University of Veszprem) / Pannon Egyetem 
Brigham Young University Hawaii
Tambov State Technical University 
Texas Tech University Health Sciences Center
Leuphana Universität Lüneburg
University of Aarhus. Aarhus School of Business
Hamilton College
Western Connecticut State University 
Murray State University
Universidad Central Marta Abreu de la Villas
Université Michel de Montaigne Bordeaux 3
Shahid Beheshti University of Medical Sciences
Bryant University
Tajen University
Escuela Politécnica del Ejército Ecuador
University of Mary Washington
National University of Science and Technology MISIS (Moscow Institute of Steel and Alloys)
Universitas Surabaya
Instituto Tecnológico de Costa Rica 
Royal Veterinary College University of London
Utrecht School of the Arts / Hogeschool voor de Kunsten Utrecht
Vestfold University College / Høgskolen i Vestfold
Northwest Nazarene University
Quingdao Agricultural University (Laiyang Agricultural College) 
Universitas Lampung
Birzeit University
Allegheny College
Henan University of Science & Technology
Interdisciplinary Center Herzliya
Midwestern State University
North Seattle Community College
Hochschule Luzern
Pázmány Péter Catholic University Budapest / Pázmány Péter Katolikus Egyetem PPKE
University of Agriculture Abeokuta
Southern Baptist Theological Seminary
Trinity Western University
Kitami Institute of Technology
University of Žilina / Žilinská univerzita v Žiline
Winona State University
Kutztown University
Zhengzhou University of Light Industry 
Moscow State Institute of Radio Engineering Electronics and Automation
Millikin University
Thapar University
Université des Sciences et de la Technologie Houari Boumediene
Bentley University
Ostrava University / Ostravská Univerzita v Ostrave 
Gallaudet University
Hautes Écoles Specialisees Geneve
Graduate University for Advanced Studies
Samford University
Vietnam National University Ho Chi Minh City
Universidade Fernando Pessoa
Colgate University
Foothill-De Anza Community College District
University of Oklahoma Health Sciences Center 
Universidade Metodista de São Paulo
Sibelius Academy / Sibelius-Akatemia
Instituto Politécnico de Viana do Castelo
Southern New Hampshire University
Josip Juraj Strossmayer University of Osijek
Indian Institute of Science Bangalore
South Dakota School of Mines & Technology
All India Institute of Medical Sciences
Fachhochschule Münster
National Defense University
Northwest Missouri State University
China University of Geosciences
Université Saint Joseph de Beyrouth
Angelo State University
Instituto Latinoamericano de la Comunicacion Educativa
National Taichung University
Shanghai International Studies University
Institut Supérieur d'Informatique de Modélisation et de Leurs Applications
Shenyang Jianzhu University
University Lucian Blaga of Sibiu
Medical University of Lublin / Uniwersytet Medyczny w Lublinie
Kumoh National Institute of Technology
Universidad ICESI
Sekolah Tinggi Manajemen Informatika dan Komputer Jakarta
Pontificia Universidad Católica del Ecuador
Technological Education Institute of Crete
Hochschule Darmstadt
Volgograd State Technical University
Fayetteville State University
Community College of Baltimore County
Instituto Politécnico de Castelo Branco
Quinnipiac University
Ashland University
Université Cadi Ayyad
Ochanomizu University
National Hsinchu University of Education
Shenyang Normal University
Yasar University
École pour l'Informatique et les Techniques Avancees
Technological Education Institute of Athens
Khabarovsk State Academy of Economics and Law
China West Normal University
Hochschule der Medien Stuttgart
Jeju National University (Cheju) 
Fachhochschule Hannover
SUNY College at Oneonta
Maharaja Sayajirao University of Baroda
Bharathidasan University
Instituto Politécnico de Tomar
Daemen College
Zhejiang University of Finance & Economics
California Lutheran University
Fachhochschule Kiel
California State University Monterey Bay
Texas Southern University
Furman University
Lebanese American University
New Bulgarian University
Çankaya University
Plymouth State University
Texas A&M University Commerce
Southeast Missouri State University
Fachhochschule Joanneum
Kaplan University
Richard Stockton College
University of Wisconsin Platteville
Hankuk University of Foreign Studies
Utah Valley University
Hubei University of Economics
Siam University
Tumen State Oil and Gas University
Sumy State University
Universidade Federal de Alagoas
Dominican University River Forest IL
Universidad Católica Andrés Bello
State University of New York Institute of Technology Utica/Rome
Andhra University
Amsterdam School of the Arts / Amsterdamse Hogeschool voor de Kunsten
Fort Lewis College
Fachhochschule Potsdam
Iwate Medical University
Wroclaw University / Uniwersytet Wroclawski
University of Hartford
Ching Yun University
Pibulsongkram Rajabhat University
University of Central Missouri
AgroCampus Ouest (Rennes+Angers)
Southwestern Oklahoma State University
Universidade Federal de São João del Rei UFSJ
California College of the Arts
Occidental College
Washburn University School of Law 
Endicott College
Emporia State University
School of Visual Arts
Université de Moncton
Mianyang Normal University
Salisbury University
Ariel University Center of Samaria
Royal College of Nursing
Universidad de la República Facultad de Ingeniería 
Morehead State University
Lock Haven University of Pennsylvania
University of South Carolina Aiken
Osaka Kyoiku University
University of Sunderland
Medical University of Bialystok / Uniwersytet Medyczny w Bialymstoku 
Université de Mons (Université de Mons-Hainaut)
University of Constantinus the Philosopher in Nitra / Univerzita Konštantína Filozofa v Nitre
Instituto Politécnico de Santarém
Walla Walla Community College
Hainan University (South China Tropical Agricultural University)
Donetsk State Medical University 
Samara State Aerospace University
Golden Gate University
Open University of Hong Kong
Drury University
Fujian Agriculture & Forestry University 
Royal Military College Canada
University of Zadar
Bu Ali Sina University Hamedan
Tennessee State University
School of Pharmacy University of London
Universidad Autónoma de Chihuahua
Universidade do Sul de Santa Catarina UNISUL
Balikesir University
Moscow State University of Psychology and Education 
Bohai University 
Fairleigh Dickinson University
Kenyon College
Oulu University of Applied Sciences / Oulun Seudun Ammattikorkeakoulu
Jiangxi Agricultural University
Universidad Nacional de San Juan
Universidade Estadual do Centro Oeste UNICENTRO
Cedarville University
University of Petra
Lafayette College
Surindra Rajabhat University
Capital University
Illinois State University
Brookdale Community College
Arkansas Tech University
Huachiew Chalermprakiet University
Winthrop University
Tianjin University of Commerce
University of Michigan Dearborn
Donau Universität Krems Universität für Weiterbildung
Odessa National I I Mechnikov University
De Lin Institute of Technology
State University of New York Potsdam
Universiti Tun Hussein Onn Malaysia
Beijing Institute of Graphic & Communication
Mykolas Romeris University / Mykolo Romerio universitetas 
Nanchang Institute of Technology 
Shippensburg University of Pennsylvania
Universidade Federal do Pampa UNIPAMPA
Université du Québec Outaouais
University of Nebraska Kearney
Beijing Foreign Studies University
Lawrence University
University of Engineering & Technology Lahore
Indiana University South Bend
Irkutsk State University
Hochschule für Technik und Wirtschaft Dresden
Bi Norwegian School of Management / Handelshøyskolen BI
Carroll College Helena Montana
Miyagi University of Education
Chongqing Normal University
Xihua University
Kemerovo State University
Lomonosov Moscow State Academy of Fine Chemical Technology
Biola University
Yancheng Teachers University
Ivane Javakhishvili Tbilisi State University
Al Quds University Arab University in Jerusalem
Texas Woman's University
Université des Antilles et de la Guyane
Zanjan University
Suffolk University
University of Dhaka 
Embry Riddle Aeronautical University
Rollins College
Eastern Oregon University
Quanzhou Normal University
University of Split
Academy of Economic Studies from Moldova / Academia de Studii Economice din Moldova
Hochschule Esslingen
Southern Connecticut State University
Tyumen State University
Pomeranian Medical University / Pomorski Uniwersytet Medyczny
Pontificia Universidad Católica Argentina
Austin Community College
Elizabeth City State University
École Nationale Supérieure des Mines de Saint Étienne
Mount Sinai School of Medicine
Tamil Nadu Agricultural University
Civil Aviation University of China
University of Evansville
Government College University Lahore
Northeastern Illinois University
University of Lodz / Uniwersytet Lódzki
Whitman College
University of Puget Sound 
Fachhochschule Jena
New Jersey City University
Norwegian School of Economics / Norges Handelshøyskole
College of Saint Scholastica
China University of Political Science & Law
Universitas Katolik Indonesia Atma Jaya
Hampshire College
Dokkyo University Medical University
Hogeschool Inholland
Chia Nan University of Pharmacy & Science
De Anza College
International Institute of Information Technology Hyderabad 
Mari State University
University of Wales Newport
Central University of Finance & Economics
Universidade do Oeste Paulista UNOESTE
Georgetown College
Sakon Nakhon Rajabhat University
Westminster College Salt Lake City
Universidad Centroccidental Lisandro Alvarado
UHI Millennium Institute
Minnesota State University Moorhead
University of Ibadan
Sudan University of Science & Technology
University of Peshawar
Cerritos College
Aichi University of Education
Staffordshire University
Tianjin Medical University
Universidade Federal de Roraima UFFR
Hubei Normal University
Chienkuo Technology University
Université Paris 4 Sorbonne 
Open University of Israel
Skidmore College
Augusta State University
East Ukrainian National University
Annamalai University
Gubkin Russian State University of Oil and Gas
Sewanee The University of the South